
Fixsy App - Test Report
Generated: 12/25/2025, 3:44:27 PM

✅ Passed (5):
  - Build
  - TypeScript
  - CSS Files
  - Environment Variables
  - File Structure

⚠️ Warnings (0):


❌ Failed (0):


Pass Rate: 100.0%
  